// Jest Snapshot v1, https://goo.gl/fbAQLP

exports[`should not crash if filteredFonts array is empty 1`] = `
<div
  className="FontsList"
>
  <VisibleFonts
    adjustBundleSize={[Function]}
    visibleFonts={Array []}
  />
</div>
`;

exports[`should render without crashing 1`] = `
<div
  className="FontsList"
>
  <VisibleFonts
    adjustBundleSize={[Function]}
    visibleFonts={
      Array [
        Object {
          "active": false,
          "category": "sans-serif",
          "family": "Roboto",
          "fetched": false,
          "fetching": false,
          "prefetched": false,
          "requested": false,
          "subsets": Array [
            "greek",
            "vietnamese",
            "latin-ext",
            "cyrillic-ext",
            "greek-ext",
            "latin",
            "cyrillic",
          ],
          "variants": Array [
            "100",
            "100italic",
            "300",
            "300italic",
            "regular",
            "italic",
            "500",
            "500italic",
            "700",
            "700italic",
            "900",
            "900italic",
          ],
        },
        Object {
          "active": true,
          "category": "sans-serif",
          "family": "Open Sans",
          "fetched": true,
          "fetching": false,
          "prefetched": true,
          "requested": true,
          "subsets": Array [
            "greek",
            "vietnamese",
            "latin-ext",
            "cyrillic-ext",
            "greek-ext",
            "latin",
            "cyrillic",
          ],
          "variants": Array [
            "300",
            "300italic",
            "regular",
            "italic",
            "600",
            "600italic",
            "700",
            "700italic",
            "800",
            "800italic",
          ],
        },
        Object {
          "active": false,
          "category": "sans-serif",
          "family": "Lato",
          "fetched": false,
          "fetching": false,
          "prefetched": false,
          "requested": false,
          "subsets": Array [
            "latin-ext",
            "latin",
          ],
          "variants": Array [
            "100",
            "100italic",
            "300",
            "300italic",
            "regular",
            "italic",
            "700",
            "700italic",
            "900",
            "900italic",
          ],
        },
        Object {
          "active": true,
          "category": "sans-serif",
          "family": "Montserrat",
          "fetched": false,
          "fetching": false,
          "prefetched": true,
          "requested": true,
          "subsets": Array [
            "vietnamese",
            "latin-ext",
            "cyrillic-ext",
            "latin",
            "cyrillic",
          ],
          "variants": Array [
            "100",
            "100italic",
            "200",
            "200italic",
            "300",
            "300italic",
            "regular",
            "italic",
            "500",
            "500italic",
            "600",
            "600italic",
            "700",
            "700italic",
            "800",
            "800italic",
            "900",
            "900italic",
          ],
        },
        Object {
          "active": false,
          "category": "sans-serif",
          "family": "Roboto Condensed",
          "fetched": false,
          "fetching": false,
          "prefetched": false,
          "requested": true,
          "subsets": Array [
            "greek",
            "vietnamese",
            "latin-ext",
            "cyrillic-ext",
            "greek-ext",
            "latin",
            "cyrillic",
          ],
          "variants": Array [
            "300",
            "300italic",
            "regular",
            "italic",
            "700",
            "700italic",
          ],
        },
        Object {
          "active": false,
          "category": "sans-serif",
          "family": "Source Sans Pro",
          "fetched": false,
          "fetching": false,
          "prefetched": false,
          "requested": false,
          "subsets": Array [
            "greek",
            "vietnamese",
            "latin-ext",
            "cyrillic-ext",
            "greek-ext",
            "latin",
            "cyrillic",
          ],
          "variants": Array [
            "200",
            "200italic",
            "300",
            "300italic",
            "regular",
            "italic",
            "600",
            "600italic",
            "700",
            "700italic",
            "900",
            "900italic",
          ],
        },
        Object {
          "active": false,
          "category": "sans-serif",
          "family": "Oswald",
          "fetched": false,
          "fetching": false,
          "prefetched": false,
          "requested": false,
          "subsets": Array [
            "vietnamese",
            "latin-ext",
            "latin",
            "cyrillic",
          ],
          "variants": Array [
            "200",
            "300",
            "regular",
            "500",
            "600",
            "700",
          ],
        },
        Object {
          "active": false,
          "category": "sans-serif",
          "family": "Raleway",
          "fetched": false,
          "fetching": false,
          "prefetched": false,
          "requested": false,
          "subsets": Array [
            "latin-ext",
            "latin",
          ],
          "variants": Array [
            "100",
            "100italic",
            "200",
            "200italic",
            "300",
            "300italic",
            "regular",
            "italic",
            "500",
            "500italic",
            "600",
            "600italic",
            "700",
            "700italic",
            "800",
            "800italic",
            "900",
            "900italic",
          ],
        },
      ]
    }
  />
</div>
`;
