// Jest Snapshot v1, https://goo.gl/fbAQLP

exports[`should render without crashing 1`] = `
<ul
  className="SelectedFontsList"
>
  <SelectedFontItem
    family="Lato"
    fontDeselectionHandler={[MockFunction]}
    key="Lato"
  />
  <SelectedFontItem
    family="Montserrat"
    fontDeselectionHandler={[MockFunction]}
    key="Montserrat"
  />
  <SelectedFontItem
    family="Roboto Condensed"
    fontDeselectionHandler={[MockFunction]}
    key="Roboto Condensed"
  />
  <SelectedFontItem
    family="Raleway"
    fontDeselectionHandler={[MockFunction]}
    key="Raleway"
  />
</ul>
`;
