// Jest Snapshot v1, https://goo.gl/fbAQLP

exports[`should render without crashing 1`] = `
<div
  className="SortingFilter"
>
  <SortingParameters
    sortingParamChangeHandler={[Function]}
    value="popularity"
  />
  <SortingOrder
    sortingOrderChangeHandler={[Function]}
    value="asc"
  />
</div>
`;
