// Jest Snapshot v1, https://goo.gl/fbAQLP

exports[`should render without crashing 1`] = `
<div
  className="BaseFontSizeInput"
>
  <label
    className="label"
    htmlFor="base-font-size"
  >
    Font size (px)
  </label>
  <input
    disabled={false}
    id="base-font-size"
    max="50"
    min="1"
    name="fontSize"
    onChange={[Function]}
    type="number"
    value={16}
  />
</div>
`;
