// Jest Snapshot v1, https://goo.gl/fbAQLP

exports[`should render without crashing 1`] = `
<div
  className="FontPreviewStyles"
>
  <h3
    className="heading"
  >
    Styles
  </h3>
  <div
    className="font-size-controls"
  >
    <PreviewFontSizeInput
      fontSizeChangeHandler={[Function]}
      value={16}
    />
    <PreviewFontSizeReset
      resetFontSizeHandler={[Function]}
    />
  </div>
  <FontPreviewVariants
    category="sans-serif"
    family="Roboto"
    fontSize={16}
    variants={
      Array [
        "100",
        "100italic",
        "300",
        "300italic",
        "regular",
        "italic",
        "500",
        "500italic",
        "700",
        "700italic",
        "900",
        "900italic",
      ]
    }
  />
</div>
`;
